# step: leak-scan (PAT leak scan over the evidence dir)
# command: grep -F -c -f <chmod 600 PAT tempfile> over every file in $EVIDENCE_DIR (count-only; tempfile deleted right after)
# cwd: /d/project/aria-conductor
# git: 0a18d96
# started: 2026-09-18T08:44:11Z
# evidence: D:/project/aria-conductor/e2e/qoder/slice-c/live
# ---- output follows ----

# PAT leak scan (fixed-string, count only; the pattern file is deleted right after)
# pattern file: /tmp/c6b-pat.t5s2En (chmod 600, deleted after the scan)
# leak-scan: .c6b-work/approval.json -> 0
# leak-scan: .c6b-work/approvals.json -> 0
# leak-scan: .c6b-work/approvals.timeout.json -> 0
# leak-scan: .c6b-work/health/down.json -> 0
# leak-scan: .c6b-work/leakscan.out -> 0
# leak-scan: .c6b-work/preflight/cred0.json -> 0
# leak-scan: .c6b-work/preflight/cred1.json -> 0
# leak-scan: .c6b-work/preflight/cred_put.json -> 0
# leak-scan: .c6b-work/preflight/dashboard.html -> 0
# leak-scan: .c6b-work/preflight/health.json -> 0
# leak-scan: .c6b-work/preflight/opensandbox.json -> 0
# leak-scan: .c6b-work/run.json -> 0
# leak-scan: .c6b-work/s10/agent.json -> 0
# leak-scan: .c6b-work/s10/agent.json.req.json -> 0
# leak-scan: .c6b-work/s10/ask.before.json -> 0
# leak-scan: .c6b-work/s10/run.before.json -> 0
# leak-scan: .c6b-work/s10/run.json -> 0
# leak-scan: .c6b-work/s10/run.json.req.json -> 0
# leak-scan: .c6b-work/s5/agent.json -> 0
# leak-scan: .c6b-work/s5/agent.json.req.json -> 0
# leak-scan: .c6b-work/s5/cancel.json -> 0
# leak-scan: .c6b-work/s5/containers.after.txt -> 0
# leak-scan: .c6b-work/s5/containers.before.txt -> 0
# leak-scan: .c6b-work/s5/ids.after.txt -> 0
# leak-scan: .c6b-work/s5/ids.before.txt -> 0
# leak-scan: .c6b-work/s5/run.json -> 0
# leak-scan: .c6b-work/s5/run.json.req.json -> 0
# leak-scan: S1.run1.log -> 0
# leak-scan: S1.run2.log -> 0
# leak-scan: S1.run3.log -> 0
# leak-scan: S10.run1.log -> 0
# leak-scan: S10.run2.log -> 0
# leak-scan: S10.run3.log -> 0
# leak-scan: S11.run1.log -> 0
# leak-scan: S11.run2.log -> 0
# leak-scan: S11.run3.log -> 0
# leak-scan: S12.run1.log -> 0
# leak-scan: S12.run2.log -> 0
# leak-scan: S12.run3.log -> 0
# leak-scan: S2.run1.log -> 0
# leak-scan: S2.run2.log -> 0
# leak-scan: S2.run3.log -> 0
# leak-scan: S3.run1.log -> 0
# leak-scan: S3.run2.log -> 0
# leak-scan: S3.run3.log -> 0
# leak-scan: S4.run1.log -> 0
# leak-scan: S4.run2.log -> 0
# leak-scan: S4.run3.log -> 0
# leak-scan: S5.run1.log -> 0
# leak-scan: S5.run2.log -> 0
# leak-scan: S5.run3.log -> 0
# leak-scan: S6.run1.log -> 0
# leak-scan: S6.run2.log -> 0
# leak-scan: S6.run3.log -> 0
# leak-scan: S7.run1.log -> 0
# leak-scan: S7.run2.log -> 0
# leak-scan: S7.run3.log -> 0
# leak-scan: S8.run1.log -> 0
# leak-scan: S8.run2.log -> 0
# leak-scan: S8.run3.log -> 0
# leak-scan: S9.run1.log -> 0
# leak-scan: S9.run2.log -> 0
# leak-scan: S9.run3.log -> 0
# leak-scan: SUMMARY.run1.md -> 0
# leak-scan: harness-console.log -> 0
# leak-scan: harness-console2.log -> 0
# leak-scan: harness-console3.log -> 0
# leak-scan: leak-scan.run1.log -> 0
# leak-scan: leak-scan.run2.log -> 0
# leak-scan: metrics-mixed-load.json -> 0
# leak-scan: metrics-read-burst.json -> 0
# leak-scan: metrics-saturation.json -> 0
# leak-scan: preflight.run1.log -> 0
# leak-scan: preflight.run2.log -> 0
# leak-scan: preflight.run3.log -> 0
# leak-scan: rebuild-image.run1.log -> 0
# leak-scan: rebuild-image.run2.log -> 0
# leak-scan: rebuild-image.run3.log -> 0
# leak-scan: regression-build.run1.log -> 0
# leak-scan: regression-build.run2.log -> 0
# leak-scan: regression-container-runtime.run1.log -> 0
# leak-scan: regression-container-runtime.run2.log -> 0
# leak-scan: regression-mvn-test.run1.log -> 0
# leak-scan: regression-mvn-test.run2.log -> 0
# leak-scan: regression-mvn-test.run3.log -> 0
# leak-scan: regression-mvn-verify.run1.log -> 0
# leak-scan: regression-mvn-verify.run2.log -> 0
# leak-scan: regression-mvn-verify.run3.log -> 0
# leak-scan: regression-playwright.run1.log -> 0
# leak-scan: regression-playwright.run2.log -> 0
# leak-scan: regression-vitest.run1.log -> 0
# leak-scan: regression-vitest.run2.log -> 0
# leak-scan: stack-start.log -> 0
# leak-scan: stack-start2.log -> 0
# leak-scan: stack-start3.log -> 0
# leak-scan: ui-concurrent-workflows.png -> 0
# leak-scan: 96 file(s) scanned, 0 file(s) contain the PAT

EXIT=0
