
Running 3 tests using 1 worker

  ok 1 [chromium] › e2e\overview-dashboard.spec.ts:9:3 › Overview dashboard › renders executive summary stats and core panels (4.8s)
  x  2 [chromium] › e2e\overview-dashboard.spec.ts:28:3 › Overview dashboard › rail navigation drives the SPA routes (13.5s)
  x  3 [chromium] › e2e\overview-dashboard.spec.ts:28:3 › Overview dashboard › rail navigation drives the SPA routes (retry #1) (13.9s)
  ok 4 [chromium] › e2e\overview-dashboard.spec.ts:41:3 › Overview dashboard › seeded agent is reflected in Active Agents count after reload (4.4s)


  1) [chromium] › e2e\overview-dashboard.spec.ts:28:3 › Overview dashboard › rail navigation drives the SPA routes 

    Error: expect(locator).toBeVisible() failed

    Locator: locator('#panel-exec')
    Expected: visible
    Timeout: 5000ms
    Error: element(s) not found

    Call log:
      - Expect "toBeVisible" with timeout 5000ms
      - waiting for locator('#panel-exec')


      36 |     await page.locator('.rail-btn[data-view="overview"]').click();
      37 |     await expect(page).toHaveURL(/\/$/);
    > 38 |     await expect(page.locator('#panel-exec')).toBeVisible();
         |                                               ^
      39 |   });
      40 |
      41 |   test('seeded agent is reflected in Active Agents count after reload', async ({ page, request }) => {
        at D:\project\aria-conductor\agent-control-tower\act-dashboard\e2e\overview-dashboard.spec.ts:38:47

    attachment #1: screenshot (image/png) ──────────────────────────────────────────────────────────
    test-results\overview-dashboard-Overvie-422dc-ation-drives-the-SPA-routes-chromium\test-failed-1.png
    ────────────────────────────────────────────────────────────────────────────────────────────────

    Error Context: test-results\overview-dashboard-Overvie-422dc-ation-drives-the-SPA-routes-chromium\error-context.md

    attachment #3: trace (application/zip) ─────────────────────────────────────────────────────────
    test-results\overview-dashboard-Overvie-422dc-ation-drives-the-SPA-routes-chromium\trace.zip
    Usage:

        npx playwright show-trace test-results\overview-dashboard-Overvie-422dc-ation-drives-the-SPA-routes-chromium\trace.zip

    ────────────────────────────────────────────────────────────────────────────────────────────────

    Retry #1 ───────────────────────────────────────────────────────────────────────────────────────

    Error: expect(locator).toBeVisible() failed

    Locator: locator('#panel-exec')
    Expected: visible
    Timeout: 5000ms
    Error: element(s) not found

    Call log:
      - Expect "toBeVisible" with timeout 5000ms
      - waiting for locator('#panel-exec')


      36 |     await page.locator('.rail-btn[data-view="overview"]').click();
      37 |     await expect(page).toHaveURL(/\/$/);
    > 38 |     await expect(page.locator('#panel-exec')).toBeVisible();
         |                                               ^
      39 |   });
      40 |
      41 |   test('seeded agent is reflected in Active Agents count after reload', async ({ page, request }) => {
        at D:\project\aria-conductor\agent-control-tower\act-dashboard\e2e\overview-dashboard.spec.ts:38:47

    attachment #1: screenshot (image/png) ──────────────────────────────────────────────────────────
    test-results\overview-dashboard-Overvie-422dc-ation-drives-the-SPA-routes-chromium-retry1\test-failed-1.png
    ────────────────────────────────────────────────────────────────────────────────────────────────

    Error Context: test-results\overview-dashboard-Overvie-422dc-ation-drives-the-SPA-routes-chromium-retry1\error-context.md

    attachment #3: trace (application/zip) ─────────────────────────────────────────────────────────
    test-results\overview-dashboard-Overvie-422dc-ation-drives-the-SPA-routes-chromium-retry1\trace.zip
    Usage:

        npx playwright show-trace test-results\overview-dashboard-Overvie-422dc-ation-drives-the-SPA-routes-chromium-retry1\trace.zip

    ────────────────────────────────────────────────────────────────────────────────────────────────

  1 failed
    [chromium] › e2e\overview-dashboard.spec.ts:28:3 › Overview dashboard › rail navigation drives the SPA routes 
  2 passed (42.0s)
