# step: rebuild-image (rebuild the pinned qoder sandbox image (plan Step 2 / C2 R13))
# command: podman build -t aria-conductor/qoder-sandbox:0.1 agent-control-tower/qoder-sandbox
# cwd: /d/project/aria-conductor
# git: 06caaf0
# started: 2026-09-18T12:50:33Z
# evidence: D:/project/aria-conductor/e2e/qoder/slice-c/live
# ---- output follows ----
[1/2] STEP 1/7: FROM node:22-slim AS bridge-builder
[1/2] STEP 2/7: WORKDIR /build/bridge
--> Using cache f1ff5523c680a580adfd9aa54e9695f1f6cd993bcc5f1453dbaf4048ee47d40a
--> f1ff5523c680
[1/2] STEP 3/7: COPY bridge/package.json bridge/package-lock.json ./
--> Using cache 6ad39ec8bbac7201741c563c4f5193e347b39aa1f36987512221a736d18544f1
--> 6ad39ec8bbac
[1/2] STEP 4/7: RUN npm ci
--> Using cache a857ad442d2b830d1ab50a36f0017ae5e2431a6a3407d3a55befc9db5d437ca9
--> a857ad442d2b
[1/2] STEP 5/7: COPY bridge/tsconfig.json ./
--> Using cache e68706711513c34ff257c9c1f6a1f41e3c9ec32cacb84d3c7ef5d46af0c885b9
--> e68706711513
[1/2] STEP 6/7: COPY bridge/src ./src
--> Using cache 5538a5a894a06458f9a305fa34121cb733bab765c775341c9bf32353320f3aa2
--> 5538a5a894a0
[1/2] STEP 7/7: RUN npm run build
--> Using cache 61ad4c3a4d22e3b9562fa60658a175aafe971cd9fb48eb1dcb53eaf87735fa83
--> 61ad4c3a4d22
[2/2] STEP 1/16: FROM node:22-slim
[2/2] STEP 2/16: ARG QODERCLI_VERSION=1.1.41
--> Using cache 2e6c3424d1fa4a9c3a54948d200378ba20640d0a99924e84ec35896071452db5
--> 2e6c3424d1fa
[2/2] STEP 3/16: ARG QODERCLI_LINUX_X64_SHA256=1c2d174b098eb472a9ac19a80b89a664fdcb7d37dca09e64f44243faa4e3eca7
--> Using cache 9774af19e9a8cd6ab9b10eaf2dec81e7fb4cc39463485138139bf53f70230dd8
--> 9774af19e9a8
[2/2] STEP 4/16: ARG QODERCLI_LINUX_X64_URL=https://qoder-ide.oss-accelerate.aliyuncs.com/qodercli/releases/${QODERCLI_VERSION}/qodercli-linux-x64.tar.gz
--> Using cache c83b53d319ac0d355a3ac708565df91c4916cdee9b79fe3406828db3eda0b843
--> c83b53d319ac
[2/2] STEP 5/16: RUN apt-get update     && apt-get install -y --no-install-recommends curl ca-certificates     && rm -rf /var/lib/apt/lists/*     && curl -fsSL --retry 2 --connect-timeout 30 --max-time 300 "$QODERCLI_LINUX_X64_URL" -o /tmp/qodercli.tar.gz     && echo "$QODERCLI_LINUX_X64_SHA256  /tmp/qodercli.tar.gz" | sha256sum -c -     && mkdir -p /tmp/qodercli-extract     && tar -xzf /tmp/qodercli.tar.gz -C /tmp/qodercli-extract     && install -m 0755 /tmp/qodercli-extract/qodercli /usr/local/bin/qodercli     && rm -rf /tmp/qodercli-extract /tmp/qodercli.tar.gz     && HOME=/tmp/qodercli-smoke qodercli --version     && rm -rf /tmp/qodercli-smoke /tmp/qodercli-natives-*     && test "$(stat -c '%a %u:%g' /tmp)" = "1777 0:0"
--> Using cache 84da30e7ca46be3bb9f4f24821a30ef89fc4a88ba88459845a9596c0232fc095
--> 84da30e7ca46
[2/2] STEP 6/16: COPY --from=bridge-builder /build/bridge/dist /opt/qoder/bridge/dist
--> Using cache 047ae8783241ebff4d04b986c5542189575bb83c01abc4b37979e412b16a460f
--> 047ae8783241
[2/2] STEP 7/16: COPY bridge/package.json /opt/qoder/bridge/package.json
--> Using cache 3bd99f6f6e8ec91b3569da0aa6d8740f2b12a3de65e19e921d0bdedf90e8d71f
--> 3bd99f6f6e8e
[2/2] STEP 8/16: COPY plugin /opt/qoder/plugin
--> Using cache ae32d0f7e7b4ca1f91cc58e7a05dde86eb6f715e48043fee904cc6ee7a42a134
--> ae32d0f7e7b4
[2/2] STEP 9/16: RUN find /opt/qoder -type d -exec chmod 0755 {} +     && find /opt/qoder -type f -exec chmod 0644 {} +
--> Using cache 53b8a7ef65c3968f7eb1a408b51b5f8d01fbc63e8fca06c0175f0eb9759a46ec
--> 53b8a7ef65c3
[2/2] STEP 10/16: ENV HOME=/home/node
--> Using cache e8e40406599322ddfc5e1cb09099803f003df77246ba42220a54adfc01302802
--> e8e404065993
[2/2] STEP 11/16: RUN install -d -o node -g node /home/node/.qoder     && printf '{\n  "general": {\n    "enableAutoUpdate": false\n  }\n}\n' > /home/node/.qoder/settings.json     && chown node:node /home/node/.qoder/settings.json
--> Using cache 0116db1f1b30c848243734036bb69c7bd95cf90237db4aa8bae59de557002c5b
--> 0116db1f1b30
[2/2] STEP 12/16: RUN install -d -o node -g node /workspace
--> Using cache 1e96ffea07c89cc2f6745aca63a61af4c382412c1b52ecad7737df407e13f7e1
--> 1e96ffea07c8
[2/2] STEP 13/16: USER node
--> Using cache a9ccc79c065bb33696c2c0e6e591d6ec14f4b253027b1acba2f50c64af2f0eb8
--> a9ccc79c065b
[2/2] STEP 14/16: WORKDIR /workspace
--> Using cache b8c94d2f9515f2989e40728c7df8f2dd1aace657f2c5be9dc63ff0e8626db81a
--> b8c94d2f9515
[2/2] STEP 15/16: EXPOSE 4097
--> Using cache f13dc76b2701ca1c1afbbbe3c0860ee039834b6ea89855386481349e0a193470
--> f13dc76b2701
[2/2] STEP 16/16: CMD ["node", "/opt/qoder/bridge/dist/main.js"]
--> Using cache 347a3fc40f77d3fc2b56150df2d506f388a5cf143c9b2d6dad0bf69ba28d2dbd
[2/2] COMMIT aria-conductor/qoder-sandbox:0.1
--> 347a3fc40f77
Successfully tagged localhost/aria-conductor/qoder-sandbox:0.1
347a3fc40f77d3fc2b56150df2d506f388a5cf143c9b2d6dad0bf69ba28d2dbd

EXIT=0
