# step: rebuild-image (rebuild the pinned qoder sandbox image (plan Step 2 / C2 R13))
# command: podman build -t aria-conductor/qoder-sandbox:0.1 agent-control-tower/qoder-sandbox
# cwd: /d/project/aria-conductor
# git: 12b4a36
# started: 2026-09-18T05:56:17Z
# evidence: D:/project/aria-conductor/e2e/qoder/slice-c/live
# ---- output follows ----
[1/2] STEP 1/7: FROM node:22-slim AS bridge-builder
[1/2] STEP 2/7: WORKDIR /build/bridge
--> Using cache f1ff5523c680a580adfd9aa54e9695f1f6cd993bcc5f1453dbaf4048ee47d40a
--> f1ff5523c680
[1/2] STEP 3/7: COPY bridge/package.json bridge/package-lock.json ./
--> Using cache 6ad39ec8bbac7201741c563c4f5193e347b39aa1f36987512221a736d18544f1
--> 6ad39ec8bbac
[1/2] STEP 4/7: RUN npm ci
--> Using cache a857ad442d2b830d1ab50a36f0017ae5e2431a6a3407d3a55befc9db5d437ca9
--> a857ad442d2b
[1/2] STEP 5/7: COPY bridge/tsconfig.json ./
--> Using cache e68706711513c34ff257c9c1f6a1f41e3c9ec32cacb84d3c7ef5d46af0c885b9
--> e68706711513
[1/2] STEP 6/7: COPY bridge/src ./src
--> Using cache 408854511fa697a5bf9a3d3b1a1e27e1755a18aca130ff86ebc103ff6d511fcb
--> 408854511fa6
[1/2] STEP 7/7: RUN npm run build
--> Using cache 0f60be17cd707e9d0d06d3e63e9b62bb76f1500d328cdea9d26303e142ae721d
--> 0f60be17cd70
[2/2] STEP 1/16: FROM node:22-slim
[2/2] STEP 2/16: ARG QODERCLI_VERSION=1.1.41
--> Using cache 2e6c3424d1fa4a9c3a54948d200378ba20640d0a99924e84ec35896071452db5
--> 2e6c3424d1fa
[2/2] STEP 3/16: ARG QODERCLI_LINUX_X64_SHA256=1c2d174b098eb472a9ac19a80b89a664fdcb7d37dca09e64f44243faa4e3eca7
--> Using cache 9774af19e9a8cd6ab9b10eaf2dec81e7fb4cc39463485138139bf53f70230dd8
--> 9774af19e9a8
[2/2] STEP 4/16: ARG QODERCLI_LINUX_X64_URL=https://qoder-ide.oss-accelerate.aliyuncs.com/qodercli/releases/${QODERCLI_VERSION}/qodercli-linux-x64.tar.gz
--> Using cache c83b53d319ac0d355a3ac708565df91c4916cdee9b79fe3406828db3eda0b843
--> c83b53d319ac
[2/2] STEP 5/16: RUN apt-get update     && apt-get install -y --no-install-recommends curl ca-certificates     && rm -rf /var/lib/apt/lists/*     && curl -fsSL --retry 2 --connect-timeout 30 --max-time 300 "$QODERCLI_LINUX_X64_URL" -o /tmp/qodercli.tar.gz     && echo "$QODERCLI_LINUX_X64_SHA256  /tmp/qodercli.tar.gz" | sha256sum -c -     && mkdir -p /tmp/qodercli-extract     && tar -xzf /tmp/qodercli.tar.gz -C /tmp/qodercli-extract     && install -m 0755 /tmp/qodercli-extract/qodercli /usr/local/bin/qodercli     && rm -rf /tmp/qodercli-extract /tmp/qodercli.tar.gz     && HOME=/tmp/qodercli-smoke qodercli --version     && rm -rf /tmp/qodercli-smoke /tmp/qodercli-natives-*     && test "$(stat -c '%a %u:%g' /tmp)" = "1777 0:0"
--> Using cache 84da30e7ca46be3bb9f4f24821a30ef89fc4a88ba88459845a9596c0232fc095
--> 84da30e7ca46
[2/2] STEP 6/16: COPY --from=bridge-builder /build/bridge/dist /opt/qoder/bridge/dist
--> Using cache eded95f7162a016a0a49969432627aa70ce463d9244c1e46b68268f291f5b267
--> eded95f7162a
[2/2] STEP 7/16: COPY bridge/package.json /opt/qoder/bridge/package.json
--> Using cache 806cfe3251f4d435853e0fc1ebba90785bf9012c7d7251c6f90c535ffce027db
--> 806cfe3251f4
[2/2] STEP 8/16: COPY plugin /opt/qoder/plugin
--> Using cache 0f561c1ccca68ff1ec4886d649085d8ee1c6289675da92d090b8dfe3af289ac4
--> 0f561c1ccca6
[2/2] STEP 9/16: RUN find /opt/qoder -type d -exec chmod 0755 {} +     && find /opt/qoder -type f -exec chmod 0644 {} +
--> Using cache 2348c94edcf8dd71c4b77b034d9099a4a712f126256401878cfab484f1facbab
--> 2348c94edcf8
[2/2] STEP 10/16: ENV HOME=/home/node
--> Using cache 41b360b537851f1f01ea69c9bd847ace1369b4bfa0e22052d7a3fb6b86e44246
--> 41b360b53785
[2/2] STEP 11/16: RUN install -d -o node -g node /home/node/.qoder     && printf '{\n  "general": {\n    "enableAutoUpdate": false\n  }\n}\n' > /home/node/.qoder/settings.json     && chown node:node /home/node/.qoder/settings.json
--> Using cache 3445ec0a00c1ef906f51afe90dbcf026eeb5d2c5a3d0f9ef7b9b12b0fe1ddbc5
--> 3445ec0a00c1
[2/2] STEP 12/16: RUN install -d -o node -g node /workspace
--> Using cache 5b1f2cf077e05cc48abff009f3dba92aad775b0bb7eeea9c742fa4c48531f1e8
--> 5b1f2cf077e0
[2/2] STEP 13/16: USER node
--> Using cache 67f11d9db1f66bacf2f5ba40a69eba402edff58fe220a8954eef74d48f48ce32
--> 67f11d9db1f6
[2/2] STEP 14/16: WORKDIR /workspace
--> Using cache 80db89248afe8efbe8ff5b833649cd3ee505d044c624bce7a2f609c2a41fb9ae
--> 80db89248afe
[2/2] STEP 15/16: EXPOSE 4097
--> Using cache e0c611aadc3145b348161db091a061a372d36e75f638ce415d47cc4374165409
--> e0c611aadc31
[2/2] STEP 16/16: CMD ["node", "/opt/qoder/bridge/dist/main.js"]
--> Using cache 413ee8c5937d18b38621cf2b85e21697b8882f6d13708706479970aa04ee1aed
[2/2] COMMIT aria-conductor/qoder-sandbox:0.1
--> 413ee8c5937d
Successfully tagged localhost/aria-conductor/qoder-sandbox:0.1
413ee8c5937d18b38621cf2b85e21697b8882f6d13708706479970aa04ee1aed

EXIT=0
