# step: regression-build (regression: dashboard typecheck + build)
# command: pnpm build
# cwd: /d/project/aria-conductor/agent-control-tower/act-dashboard
# git: 7c8016a
# started: 2026-09-18T21:39:21Z
# evidence: D:/project/aria-conductor/e2e/qoder/slice-c/live
# ---- output follows ----

> @aria-conductor/dashboard@0.1.0 build D:\project\aria-conductor\agent-control-tower\act-dashboard
> tsc -b && vite build

[36mvite v6.4.3 [32mbuilding for production...[36m[39m
transforming...
[32m✓[39m 220 modules transformed.
rendering chunks...
computing gzip size...
[2mdist/[22m[32mindex.html                 [39m[1m[2m  0.71 kB[22m[1m[22m[2m │ gzip:   0.43 kB[22m
[2mdist/[22m[35massets/index-Cr8L7iq8.css  [39m[1m[2m107.02 kB[22m[1m[22m[2m │ gzip:  20.62 kB[22m
[2mdist/[22m[36massets/index-BgMIG0EI.js   [39m[1m[33m616.69 kB[39m[22m[2m │ gzip: 187.31 kB[22m
[33m
(!) Some chunks are larger than 500 kB after minification. Consider:
- Using dynamic import() to code-split the application
- Use build.rollupOptions.output.manualChunks to improve chunking: https://rollupjs.org/configuration-options/#output-manualchunks
- Adjust chunk size limit for this warning via build.chunkSizeWarningLimit.[39m
[32m✓ built in 2.74s[39m

EXIT=0
