# step: S10 (backend restart interrupts a pending ask (S10))
# command: bash-owned: kill the backend recorded in .run/backend.pid mid-ask, restart the stack (stop.ps1 + QODER_MODEL=efficient pwsh -NoProfile -File scripts/start.ps1 -Provider qoder), assert the startup-sweep interruption state + expired ask without replay
# cwd: /d/project/aria-conductor
# git: 65f8bd9
# started: 2026-09-18T05:42:26Z
# evidence: D:/project/aria-conductor/e2e/qoder/slice-c/live
# ---- output follows ----
  1. seed: POST /api/v1/agents (qoder ADK, taskApprovalRequired=false) + POST /api/v1/runs (write trigger)
  POST /api/v1/agents request: {"name":"c6b-s10-20260918-054226","agentType":"ADK","role":"dev","model":"efficient","adkProvider":"qoder","config":{"taskApprovalRequired":false}}
  POST /api/v1/agents -> HTTP 201
  response: {"id":"20ea0463-0e26-4d0a-a7ad-ab79d8f3e1a1","name":"c6b-s10-20260918-054226","description":null,"agentType":"ADK","role":"dev","model":"efficient","provider":null,"adkProvider":"qoder","config":"{\"harnessProfile\":\"weak-model-safe\",\"taskApprovalRequired\":false}","healthStatus":"HEALTHY","createdAt":"2026-09-18T05:42:29.023243500Z","updatedAt":null,"retiredAt":null,"pickupEligible":true,"pickupIneligibleReasons":[],"lastProbedAt":null,"skills":[],"tools":null}
  POST /api/v1/runs request: {"agentId":"20ea0463-0e26-4d0a-a7ad-ab79d8f3e1a1","promptSeed":"Use the Write tool (not a shell command) to create the file /workspace/c6b-s10-20260918-054226.txt whose content is exactly: ready","maxIterations":3}
  POST /api/v1/runs -> HTTP 201
  response: {"id":"042a1429-70a3-49ba-a0ac-432caa294592","agentId":"20ea0463-0e26-4d0a-a7ad-ab79d8f3e1a1","status":"PENDING","promptSeed":"Use the Write tool (not a shell command) to create the file /workspace/c6b-s10-20260918-054226.txt whose content is exactly: ready","maxIterations":3,"totalTokensUsed":0,"iterationCount":0,"errorMessage":null,"finalOutput":null,"createdAt":"2026-09-18T05:42:32.138130500Z","updatedAt":null,"completedAt":null}
     agent=20ea0463-0e26-4d0a-a7ad-ab79d8f3e1a1 run=042a1429-70a3-49ba-a0ac-432caa294592
  2. waiting (<=180s) for a PENDING ACP_PERMISSION ask of run 042a1429-70a3-49ba-a0ac-432caa294592
  poll /approvals?status=PENDING (t+1s): no ACP ask for run 042a1429-70a3-49ba-a0ac-432caa294592 yet
  poll /approvals?status=PENDING (t+9s): no ACP ask for run 042a1429-70a3-49ba-a0ac-432caa294592 yet
  poll /approvals?status=PENDING (t+16s): no ACP ask for run 042a1429-70a3-49ba-a0ac-432caa294592 yet
  poll /approvals?status=PENDING (t+23s): no ACP ask for run 042a1429-70a3-49ba-a0ac-432caa294592 yet
     pending ask id: cdcadb67-7bcb-4d9f-8519-5fc701d0ab7d
  3. before the kill: run=RUNNING ask=PENDING|PENDING|
  4. killing the backend recorded in .run/backend.pid (taskkill /T /F — the documented stop path semantics)
+ taskkill /PID 27188 /T /F   (the pwsh wrapper recorded in .run/backend.pid and its tree: mvn spring-boot:run + the JVM)
SUCCESS: The process with PID 27480 (child process of PID 3864) has been terminated.
SUCCESS: The process with PID 1252 (child process of PID 3864) has been terminated.
SUCCESS: The process with PID 27840 (child process of PID 25376) has been terminated.
SUCCESS: The process with PID 3864 (child process of PID 25376) has been terminated.
SUCCESS: The process with PID 25376 (child process of PID 4004) has been terminated.
SUCCESS: The process with PID 4004 (child process of PID 26484) has been terminated.
SUCCESS: The process with PID 26484 (child process of PID 27188) has been terminated.
SUCCESS: The process with PID 27188 (child process of PID 5324) has been terminated.
  taskkill exit=0
  waiting for the backend to go down: HTTP 000000
  waiting for the backend to go down: HTTP 000000
  waiting for the backend to go down: HTTP 000000
  waiting for the backend to go down: HTTP 000000
  waiting for the backend to go down: HTTP 000000
  waiting for the backend to go down: HTTP 000000
  waiting for the backend to go down: HTTP 000000
  waiting for the backend to go down: HTTP 000000
  waiting for the backend to go down: HTTP 000000
  waiting for the backend to go down: HTTP 000000
  waiting for the backend to go down: HTTP 000000
  waiting for the backend to go down: HTTP 000000
  waiting for the backend to go down: HTTP 000000
  waiting for the backend to go down: HTTP 000000
  waiting for the backend to go down: HTTP 200
# FAIL: the backend still answers http://localhost:8097/actuator/health 90s after the kill
  5. stop.ps1 (releases the frontend port) then start.ps1 -Provider qoder with QODER_MODEL=efficient
+ cd /d/project/aria-conductor && pwsh -NoProfile -File scripts/stop.ps1
Stopping Aria Conductor services...
  stopped backend (PID 26732)
  stopped frontend (PID 27668)
  stopped OpenSandbox
Done.
     stop.ps1 exit=0
+ cd /d/project/aria-conductor && QODER_MODEL=efficient timeout 1500 pwsh -NoProfile -File scripts/start.ps1 -Provider qoder   (QODER_E2E_PAT stripped from the child env)
Aria Conductor - one-click start (local)
[1/8] Checking environment
[2/8] Checking .env
[3/8] Preparing container resources
[4m>>>> Executing external compose provider "C:\\Program Files\\Docker\\Docker\\resources\\bin\\docker-compose.exe". Please see podman-compose(1) for how to disable this message. <<<<

[0m Container aria-opensandbox Starting 
 Container aria-opensandbox Started 
[4/8] Checking ports
      port 8080 is held by java (PID 12576)
[31;1mException: [0mD:\project\aria-conductor\scripts\start.ps1:313[0m
[31;1m[0m[36;1mLine |[0m
[31;1m[0m[36;1m[36;1m 313 | [0m             [36;1mthrow "Aborted: port $port is still in use."[0m
[31;1m[0m[36;1m[36;1m[0m[36;1m[0m[36;1m     | [31;1m             ~~~~~~~~~~~~~~~~~~~~~~~~~~~~~~~~~~~~~~~~~~~~[0m
[31;1m[0m[36;1m[36;1m[0m[36;1m[0m[36;1m[31;1m[31;1m[36;1m     | [31;1mAborted: port 8080 is still in use.[0m
     start.ps1 exit=1 (124 = the 1500s timeout fired)
# FAIL: the stack did not come back up (start.ps1 exit=1); the remaining post-restart assertions were skipped
  s10-summary: label=c6b-s10-20260918-054226 agent=20ea0463-0e26-4d0a-a7ad-ab79d8f3e1a1 run=042a1429-70a3-49ba-a0ac-432caa294592 ask=cdcadb67-7bcb-4d9f-8519-5fc701d0ab7d restarted=no

EXIT=1
