# step: S12 (spec-owned governance scenario S12)
# command: npx playwright test e2e/qoder-governance-e2e.spec.ts --grep "S12:"
# cwd: /d/project/aria-conductor/agent-control-tower/act-dashboard
# git: 06caaf0
# started: 2026-09-18T13:21:12Z
# evidence: D:/project/aria-conductor/e2e/qoder/slice-c/live
# ---- output follows ----

Running 1 test using 1 worker

  x  1 [chromium] › e2e\qoder-governance-e2e.spec.ts:754:1 › S12: UI smoke — board, Review surface, Providers and Ops render with zero console errors and no failed backend calls (0ms)
  x  2 [chromium] › e2e\qoder-governance-e2e.spec.ts:754:1 › S12: UI smoke — board, Review surface, Providers and Ops render with zero console errors and no failed backend calls (retry #1) (0ms)


  1) [chromium] › e2e\qoder-governance-e2e.spec.ts:754:1 › S12: UI smoke — board, Review surface, Providers and Ops render with zero console errors and no failed backend calls 

    Error: [qoder-e2e zero-credit guard] GET http://localhost:8097/api/v1/adk/providers/qoder/credential returned HTTP 503 {"code":"KEY_NOT_CONFIGURED","message":"Runtime credential encryption is not configured (PACK_CREDENTIAL_KEY is missing); this store does not accept the development fallback."} — cannot verify the live run model. plan docs/superpowers/plans/2026-09-17-qoder-cli-provider.md:16 Global Constraints: "All local E2E Qoder runs MUST use modelId: efficient (0.00x Credit ...). The E2E harness fails closed if the configured model is not in {efficient, lite} unless QODER_E2E_ALLOW_PAID=1 is explicitly set."

       at qoder-e2e-lib.ts:107

      105 |   const live = await credentialGet(request, 5_000);
      106 |   if (live.status !== 200) {
    > 107 |     throw new Error(
          |           ^
      108 |       `[qoder-e2e zero-credit guard] GET ${BACKEND}/adk/providers/qoder/credential returned HTTP`
      109 |       + ` ${live.status} ${JSON.stringify(live.data)?.slice(0, 200)} — cannot verify the live run`
      110 |       + ` model. ${ZERO_CREDIT_PLAN_REF}`,
        at assertZeroCreditModel (D:\project\aria-conductor\agent-control-tower\act-dashboard\e2e\qoder-e2e-lib.ts:107:11)
        at D:\project\aria-conductor\agent-control-tower\act-dashboard\e2e\qoder-governance-e2e.spec.ts:84:3

    Error Context: test-results\qoder-governance-e2e-S12-U-63299-and-no-failed-backend-calls-chromium\error-context.md

    attachment #2: trace (application/zip) ─────────────────────────────────────────────────────────
    test-results\qoder-governance-e2e-S12-U-63299-and-no-failed-backend-calls-chromium\trace.zip
    Usage:

        npx playwright show-trace test-results\qoder-governance-e2e-S12-U-63299-and-no-failed-backend-calls-chromium\trace.zip

    ────────────────────────────────────────────────────────────────────────────────────────────────

    Retry #1 ───────────────────────────────────────────────────────────────────────────────────────

    Error: [qoder-e2e zero-credit guard] GET http://localhost:8097/api/v1/adk/providers/qoder/credential returned HTTP 503 {"code":"KEY_NOT_CONFIGURED","message":"Runtime credential encryption is not configured (PACK_CREDENTIAL_KEY is missing); this store does not accept the development fallback."} — cannot verify the live run model. plan docs/superpowers/plans/2026-09-17-qoder-cli-provider.md:16 Global Constraints: "All local E2E Qoder runs MUST use modelId: efficient (0.00x Credit ...). The E2E harness fails closed if the configured model is not in {efficient, lite} unless QODER_E2E_ALLOW_PAID=1 is explicitly set."

       at qoder-e2e-lib.ts:107

      105 |   const live = await credentialGet(request, 5_000);
      106 |   if (live.status !== 200) {
    > 107 |     throw new Error(
          |           ^
      108 |       `[qoder-e2e zero-credit guard] GET ${BACKEND}/adk/providers/qoder/credential returned HTTP`
      109 |       + ` ${live.status} ${JSON.stringify(live.data)?.slice(0, 200)} — cannot verify the live run`
      110 |       + ` model. ${ZERO_CREDIT_PLAN_REF}`,
        at assertZeroCreditModel (D:\project\aria-conductor\agent-control-tower\act-dashboard\e2e\qoder-e2e-lib.ts:107:11)
        at D:\project\aria-conductor\agent-control-tower\act-dashboard\e2e\qoder-governance-e2e.spec.ts:84:3

    Error Context: test-results\qoder-governance-e2e-S12-U-63299-and-no-failed-backend-calls-chromium-retry1\error-context.md

    attachment #2: trace (application/zip) ─────────────────────────────────────────────────────────
    test-results\qoder-governance-e2e-S12-U-63299-and-no-failed-backend-calls-chromium-retry1\trace.zip
    Usage:

        npx playwright show-trace test-results\qoder-governance-e2e-S12-U-63299-and-no-failed-backend-calls-chromium-retry1\trace.zip

    ────────────────────────────────────────────────────────────────────────────────────────────────

  1 failed
    [chromium] › e2e\qoder-governance-e2e.spec.ts:754:1 › S12: UI smoke — board, Review surface, Providers and Ops render with zero console errors and no failed backend calls 

EXIT=1
