# step: S2 (spec-owned scenario S2)
# command: npx playwright test e2e/qoder-*.spec.ts --grep "S2:"
# cwd: /d/project/aria-conductor/agent-control-tower/act-dashboard
# git: 0a18d96
# started: 2026-09-18T07:36:30Z
# evidence: D:/project/aria-conductor/e2e/qoder/slice-c/live
# ---- output follows ----

Running 1 test using 1 worker

[qoder-e2e] live zero-credit model confirmed: qoder.model='efficient'
[S2] card=323f8a2d-05a3-4c80-8668-785a4d6b039f run=e75d67c3-bded-4b0f-88a5-9bcaf8101402 file=/workspace/e2e-s2-1789716997114-4173.txt
[S2] ask1=b17ddd92-6406-490e-b27a-a8b088a0c59b status=PENDING source=ACP_PERMISSION toolCallId=null expiresAt=2026-09-18T07:39:01.636818Z
[S2] ask1 options=[{"optionId":"proceed_always","kind":"allow_always","name":"Allow for this session"},{"optionId":"proceed_once","kind":"allow_once","name":"Allow"},{"optionId":"cancel","kind":"reject_once","name":"Reject"}]
[S2] sandbox container=c7b56b32112a (image ancestor filter)
[S2] ask1 decided: status=APPROVED deliveryState=DELIVERING decision-recorded reason=null
  x  1 [chromium] › e2e\qoder-adk-e2e.spec.ts:217:1 › S2: write attempt asks, allow once executes, second write asks again (36.2s)
[qoder-e2e] live zero-credit model confirmed: qoder.model='efficient'
[S2] card=8e225cfb-1ec7-4fc9-a1d0-c61e64b07037 run=a782a3f5-485d-4c42-99ad-81e1106757f0 file=/workspace/e2e-s2-1789717037438-6870.txt
[S2] ask1=b9b0e6b0-f94c-4a6a-8cf4-34aa963224a7 status=PENDING source=ACP_PERMISSION toolCallId=null expiresAt=2026-09-18T07:39:42.946459Z
[S2] ask1 options=[{"optionId":"proceed_always","kind":"allow_always","name":"Allow for this session"},{"optionId":"proceed_once","kind":"allow_once","name":"Allow"},{"optionId":"cancel","kind":"reject_once","name":"Reject"}]
[S2] sandbox container=6de440886945 (image ancestor filter)
[S2] ask1 decided: status=APPROVED deliveryState=DELIVERED decision-recorded reason=null
[S2] write1 probe: exists=true content="hi" note="cat via container exec"
[S2] ask2=3f7ab7a1-0275-4211-926f-4a1ef09e3337 (new ask after the one-use approval) toolCallId=null
[S2] asks for run a782a3f5-485d-4c42-99ad-81e1106757f0: ["3f7ab7a1-0275-4211-926f-4a1ef09e3337:PENDING","0a925684-9d1e-479e-98c1-ab1d261e50c6:PENDING","b9b0e6b0-f94c-4a6a-8cf4-34aa963224a7:APPROVED"]
[S2] file after the second (denied) write: exists=true content="hi" note="cat via container exec"
[S2] run terminal=COMPLETED finalOutput="Writing the file now.\n\nNow writing the file again as the second step.\n\nThe first write succeeded, but the second write was denied. The file `/workspace/e2e-s2-1789717037438-6870.txt` contains \"h
  ok 2 [chromium] › e2e\qoder-adk-e2e.spec.ts:217:1 › S2: write attempt asks, allow once executes, second write asks again (retry #1) (45.0s)


  1) [chromium] › e2e\qoder-adk-e2e.spec.ts:217:1 › S2: write attempt asks, allow once executes, second write asks again 

    Error: expect(received).toBe(expected) // Object.is equality

    Expected: "DELIVERED"
    Received: "DELIVERING"

      252 |     + ` decision-recorded reason=${JSON.stringify(decided1.data?.reason)}`,
      253 |   );
    > 254 |   expect(decided1.data?.deliveryState).toBe('DELIVERED');
          |                                        ^
      255 |
      256 |   // File side effect, observed host-side inside the run's sandbox container.
      257 |   const write1 = await waitForSandboxFile(containerId, filePath, 180_000);
        at D:\project\aria-conductor\agent-control-tower\act-dashboard\e2e\qoder-adk-e2e.spec.ts:254:40

    attachment #1: screenshot (image/png) ──────────────────────────────────────────────────────────
    test-results\qoder-adk-e2e-S2-write-att-bd2ed-tes-second-write-asks-again-chromium\test-failed-1.png
    ────────────────────────────────────────────────────────────────────────────────────────────────

    Error Context: test-results\qoder-adk-e2e-S2-write-att-bd2ed-tes-second-write-asks-again-chromium\error-context.md

    attachment #3: trace (application/zip) ─────────────────────────────────────────────────────────
    test-results\qoder-adk-e2e-S2-write-att-bd2ed-tes-second-write-asks-again-chromium\trace.zip
    Usage:

        npx playwright show-trace test-results\qoder-adk-e2e-S2-write-att-bd2ed-tes-second-write-asks-again-chromium\trace.zip

    ────────────────────────────────────────────────────────────────────────────────────────────────

  1 flaky
    [chromium] › e2e\qoder-adk-e2e.spec.ts:217:1 › S2: write attempt asks, allow once executes, second write asks again 

EXIT=0
