# step: S2 (spec-owned scenario S2)
# command: npx playwright test e2e/qoder-*.spec.ts --grep "S2:"
# cwd: /d/project/aria-conductor/agent-control-tower/act-dashboard
# git: 65f8bd9
# started: 2026-09-18T05:39:50Z
# evidence: D:/project/aria-conductor/e2e/qoder/slice-c/live
# ---- output follows ----

Running 1 test using 1 worker

[qoder-e2e] live zero-credit model confirmed: qoder.model='efficient'
  x  1 [chromium] › e2e\qoder-adk-e2e.spec.ts:213:1 › S2: write attempt asks, allow once executes, second write asks again (5.7s)
[qoder-e2e] live zero-credit model confirmed: qoder.model='efficient'
  x  2 [chromium] › e2e\qoder-adk-e2e.spec.ts:213:1 › S2: write attempt asks, allow once executes, second write asks again (retry #1) (4.3s)


  1) [chromium] › e2e\qoder-adk-e2e.spec.ts:213:1 › S2: write attempt asks, allow once executes, second write asks again 

    Error: seedQoderAgent failed: HTTP 400 {"timestamp":"2026-09-18T05:40:02.049204400Z","status":400,"error":"Bad Request","message":"Invalid request body: Cannot construct instance of `java.util.LinkedHashMap` (although at least one Creator exists): no String-argument constructor/factory method to deserialize from String value ('{\"taskApp

       at qoder-e2e-lib.ts:213

      211 |   const { status, data } = await requestJson(request, 'POST', '/agents', body);
      212 |   if (status !== 201) {
    > 213 |     throw new Error(`seedQoderAgent failed: HTTP ${status} ${JSON.stringify(data)?.slice(0, 300)}`);
          |           ^
      214 |   }
      215 |   return data;
      216 | }
        at seedQoderAgent (D:\project\aria-conductor\agent-control-tower\act-dashboard\e2e\qoder-e2e-lib.ts:213:11)
        at D:\project\aria-conductor\agent-control-tower\act-dashboard\e2e\qoder-adk-e2e.spec.ts:216:17

    attachment #1: screenshot (image/png) ──────────────────────────────────────────────────────────
    test-results\qoder-adk-e2e-S2-write-att-bd2ed-tes-second-write-asks-again-chromium\test-failed-1.png
    ────────────────────────────────────────────────────────────────────────────────────────────────

    Error Context: test-results\qoder-adk-e2e-S2-write-att-bd2ed-tes-second-write-asks-again-chromium\error-context.md

    attachment #3: trace (application/zip) ─────────────────────────────────────────────────────────
    test-results\qoder-adk-e2e-S2-write-att-bd2ed-tes-second-write-asks-again-chromium\trace.zip
    Usage:

        npx playwright show-trace test-results\qoder-adk-e2e-S2-write-att-bd2ed-tes-second-write-asks-again-chromium\trace.zip

    ────────────────────────────────────────────────────────────────────────────────────────────────

    Retry #1 ───────────────────────────────────────────────────────────────────────────────────────

    Error: seedQoderAgent failed: HTTP 400 {"timestamp":"2026-09-18T05:40:08.498115500Z","status":400,"error":"Bad Request","message":"Invalid request body: Cannot construct instance of `java.util.LinkedHashMap` (although at least one Creator exists): no String-argument constructor/factory method to deserialize from String value ('{\"taskApp

       at qoder-e2e-lib.ts:213

      211 |   const { status, data } = await requestJson(request, 'POST', '/agents', body);
      212 |   if (status !== 201) {
    > 213 |     throw new Error(`seedQoderAgent failed: HTTP ${status} ${JSON.stringify(data)?.slice(0, 300)}`);
          |           ^
      214 |   }
      215 |   return data;
      216 | }
        at seedQoderAgent (D:\project\aria-conductor\agent-control-tower\act-dashboard\e2e\qoder-e2e-lib.ts:213:11)
        at D:\project\aria-conductor\agent-control-tower\act-dashboard\e2e\qoder-adk-e2e.spec.ts:216:17

    attachment #1: screenshot (image/png) ──────────────────────────────────────────────────────────
    test-results\qoder-adk-e2e-S2-write-att-bd2ed-tes-second-write-asks-again-chromium-retry1\test-failed-1.png
    ────────────────────────────────────────────────────────────────────────────────────────────────

    Error Context: test-results\qoder-adk-e2e-S2-write-att-bd2ed-tes-second-write-asks-again-chromium-retry1\error-context.md

    attachment #3: trace (application/zip) ─────────────────────────────────────────────────────────
    test-results\qoder-adk-e2e-S2-write-att-bd2ed-tes-second-write-asks-again-chromium-retry1\trace.zip
    Usage:

        npx playwright show-trace test-results\qoder-adk-e2e-S2-write-att-bd2ed-tes-second-write-asks-again-chromium-retry1\trace.zip

    ────────────────────────────────────────────────────────────────────────────────────────────────

  1 failed
    [chromium] › e2e\qoder-adk-e2e.spec.ts:213:1 › S2: write attempt asks, allow once executes, second write asks again 

EXIT=1
