# step: S3 (spec-owned scenario S3)
# command: npx playwright test e2e/qoder-*.spec.ts --grep "S3:"
# cwd: /d/project/aria-conductor/agent-control-tower/act-dashboard
# git: 7c8016a
# started: 2026-09-18T20:40:54Z
# evidence: D:/project/aria-conductor/e2e/qoder/slice-c/live
# ---- output follows ----

Running 1 test using 1 worker

[qoder-e2e] live zero-credit model confirmed: qoder.model='efficient'
[S3] card=7361de69-e8c8-4802-94b6-aa22ca934235 run=8f7a1eed-f83b-4c4b-884a-ed94e608daea file=/workspace/e2e-s3-1789764058660-9217.txt
[S3] ask=e8550cf8-636f-4ddf-b125-afff13b2b7a5 status=PENDING source=ACP_PERMISSION
[S3] sandbox container=49bf62bf1893
[S3] ask decided: status=DENIED deliveryState=DELIVERED reason=null
[S3] file probe after denial: exists=false content=null note="test -f failed inside a live container (file absent)"
[S3] run right after the denial: status=RUNNING
  x  1 [chromium] › e2e\qoder-adk-e2e.spec.ts:310:1 › S3: deny produces no side effect and does not cancel the run (5.7m)
[qoder-e2e] live zero-credit model confirmed: qoder.model='efficient'
[S3] card=5e721f43-e32c-48b4-baf3-d6eab339e35f run=f83e2d5f-84b6-49d7-9fba-3556f8da6ce0 file=/workspace/e2e-s3-1789764408334-6404.txt
[S3] ask=db68caec-058b-45e9-b5d6-3f5c65a00002 status=PENDING source=ACP_PERMISSION
[S3] sandbox container=082057acb3d3
[S3] ask decided: status=DENIED deliveryState=DELIVERED reason=null
[S3] file probe after denial: exists=false content=null note="test -f failed inside a live container (file absent)"
[S3] run right after the denial: status=COMPLETED
[S3] run terminal=COMPLETED finalOutput="The file write was denied by your permission settings. Could you approve the write so I can create the file?" progress entries=12 maxStatusSeq=12
  ok 2 [chromium] › e2e\qoder-adk-e2e.spec.ts:310:1 › S3: deny produces no side effect and does not cancel the run (retry #1) (35.8s)


  1) [chromium] › e2e\qoder-adk-e2e.spec.ts:310:1 › S3: deny produces no side effect and does not cancel the run 

    Error: pollUntil timed out for /runs/8f7a1eed-f83b-4c4b-884a-ed94e608daea after 300000ms; last={"id":"8f7a1eed-f83b-4c4b-884a-ed94e608daea","agentId":"30235187-3287-4d1d-b96e-494396c5976d","status":"RUNNING","promptSeed":"Kanban task: qoder write card-1789764061266-5734\n\nDescription:\nCreate a new file at /workspace/e2e-s3-1789764058660-9217.txt containing exactly the two characters \"hi\" 

       at fixtures.ts:201

      199 |     await new Promise((r) => setTimeout(r, intervalMs));
      200 |   }
    > 201 |   throw new Error(
          |         ^
      202 |     `pollUntil timed out for ${path} after ${timeoutMs}ms; last=${JSON.stringify(last)?.slice(0, 300)}`,
      203 |   );
      204 | }
        at pollUntil (D:\project\aria-conductor\agent-control-tower\act-dashboard\e2e\fixtures.ts:201:9)
        at D:\project\aria-conductor\agent-control-tower\act-dashboard\e2e\qoder-adk-e2e.spec.ts:358:20

    attachment #1: screenshot (image/png) ──────────────────────────────────────────────────────────
    test-results\qoder-adk-e2e-S3-deny-prod-7b140-and-does-not-cancel-the-run-chromium\test-failed-1.png
    ────────────────────────────────────────────────────────────────────────────────────────────────

    Error Context: test-results\qoder-adk-e2e-S3-deny-prod-7b140-and-does-not-cancel-the-run-chromium\error-context.md

    attachment #3: trace (application/zip) ─────────────────────────────────────────────────────────
    test-results\qoder-adk-e2e-S3-deny-prod-7b140-and-does-not-cancel-the-run-chromium\trace.zip
    Usage:

        npx playwright show-trace test-results\qoder-adk-e2e-S3-deny-prod-7b140-and-does-not-cancel-the-run-chromium\trace.zip

    ────────────────────────────────────────────────────────────────────────────────────────────────

  1 flaky
    [chromium] › e2e\qoder-adk-e2e.spec.ts:310:1 › S3: deny produces no side effect and does not cancel the run 

EXIT=0
