# step: S4 (spec-owned scenario S4)
# command: npx playwright test e2e/qoder-*.spec.ts --grep "S4:"
# cwd: /d/project/aria-conductor/agent-control-tower/act-dashboard
# git: 7c8016a
# started: 2026-09-18T21:56:47Z
# evidence: D:/project/aria-conductor/e2e/qoder/slice-c/live
# ---- output follows ----

Running 1 test using 1 worker

[qoder-e2e] live zero-credit model confirmed: qoder.model='efficient'
[S4] agent=0e542962-3ccb-4cad-8d32-c48d29e63044 run=5a14e190-ec8a-451b-ba7f-e7847760c6b1 file=/workspace/e2e-s4-1789768613405-9047.txt ttlMs=120000
[S4] ask=c5dedd52-584b-47d5-a53b-182ffa4fa304 status=PENDING expiresAt=2026-09-18T21:59:22.152345Z
[S4] sandbox container=f765aa3c14fe
[S4] ask expired: status=EXPIRED deliveryState=CANCELLED reason="run ended before decision" decidedAt=2026-09-18T21:59:29.582087Z
  x  1 [chromium] › e2e\qoder-adk-e2e.spec.ts:373:1 › S4: expiry delivers a reject, a late decide is a typed 409 EXPIRED, no stale allow (2.6m)
[qoder-e2e] live zero-credit model confirmed: qoder.model='efficient'
[S4] agent=d8b5f4a6-eb00-490e-988f-5b94a57a63fd run=6af6754e-f3a9-4c03-a3fe-f9c1f00d8bc9 file=/workspace/e2e-s4-1789768772338-8537.txt ttlMs=120000
[S4] ask=a5fc1e3f-fbad-4835-9c95-241e2db7c1f4 status=PENDING expiresAt=2026-09-18T22:01:53.782526Z
[S4] sandbox container=37d4ae7a87d9
[S4] ask expired: status=EXPIRED deliveryState=CANCELLED reason="run ended before decision" decidedAt=2026-09-18T22:02:02.732534Z
  x  2 [chromium] › e2e\qoder-adk-e2e.spec.ts:373:1 › S4: expiry delivers a reject, a late decide is a typed 409 EXPIRED, no stale allow (retry #1) (2.6m)


  1) [chromium] › e2e\qoder-adk-e2e.spec.ts:373:1 › S4: expiry delivers a reject, a late decide is a typed 409 EXPIRED, no stale allow 

    Error: expect(received).toMatch(expected)

    Expected pattern: /expired/i
    Received string:  "run ended before decision"

      410 |     + ` reason=${JSON.stringify(expiredSettled.data?.reason)} decidedAt=${expiredSettled.data?.decidedAt}`,
      411 |   );
    > 412 |   expect(String(expiredSettled.data?.reason ?? '')).toMatch(/expired/i);
          |                                                     ^
      413 |   expect((await listAsksForRun(request, run.id)).map((a) => a.status)).toContain('EXPIRED');
      414 |
      415 |   // A later decide on the same ask must be the typed 409 — never a success, never a stale allow.
        at D:\project\aria-conductor\agent-control-tower\act-dashboard\e2e\qoder-adk-e2e.spec.ts:412:53

    Error Context: test-results\qoder-adk-e2e-S4-expiry-de-94d83--409-EXPIRED-no-stale-allow-chromium\error-context.md

    attachment #2: trace (application/zip) ─────────────────────────────────────────────────────────
    test-results\qoder-adk-e2e-S4-expiry-de-94d83--409-EXPIRED-no-stale-allow-chromium\trace.zip
    Usage:

        npx playwright show-trace test-results\qoder-adk-e2e-S4-expiry-de-94d83--409-EXPIRED-no-stale-allow-chromium\trace.zip

    ────────────────────────────────────────────────────────────────────────────────────────────────

    Retry #1 ───────────────────────────────────────────────────────────────────────────────────────

    Error: expect(received).toMatch(expected)

    Expected pattern: /expired/i
    Received string:  "run ended before decision"

      410 |     + ` reason=${JSON.stringify(expiredSettled.data?.reason)} decidedAt=${expiredSettled.data?.decidedAt}`,
      411 |   );
    > 412 |   expect(String(expiredSettled.data?.reason ?? '')).toMatch(/expired/i);
          |                                                     ^
      413 |   expect((await listAsksForRun(request, run.id)).map((a) => a.status)).toContain('EXPIRED');
      414 |
      415 |   // A later decide on the same ask must be the typed 409 — never a success, never a stale allow.
        at D:\project\aria-conductor\agent-control-tower\act-dashboard\e2e\qoder-adk-e2e.spec.ts:412:53

    Error Context: test-results\qoder-adk-e2e-S4-expiry-de-94d83--409-EXPIRED-no-stale-allow-chromium-retry1\error-context.md

    attachment #2: trace (application/zip) ─────────────────────────────────────────────────────────
    test-results\qoder-adk-e2e-S4-expiry-de-94d83--409-EXPIRED-no-stale-allow-chromium-retry1\trace.zip
    Usage:

        npx playwright show-trace test-results\qoder-adk-e2e-S4-expiry-de-94d83--409-EXPIRED-no-stale-allow-chromium-retry1\trace.zip

    ────────────────────────────────────────────────────────────────────────────────────────────────

  1 failed
    [chromium] › e2e\qoder-adk-e2e.spec.ts:373:1 › S4: expiry delivers a reject, a late decide is a typed 409 EXPIRED, no stale allow 

EXIT=1
