# step: S5 (cancel during pending permission (sandbox survival))
# command: bash-owned: REST scenario — seed qoder run, wait for the pending ACP ask, POST /api/v1/runs/{id}/cancel, assert run CANCELLED + ask EXPIRED + sandbox survived with no qodercli process
# cwd: /d/project/aria-conductor
# git: 8f5ed4d
# started: 2026-09-18T11:15:06Z
# evidence: D:/project/aria-conductor/e2e/qoder/slice-c/live
# ---- output follows ----
+ podman ps --filter ancestor=aria-conductor/qoder-sandbox:0.1 --format '{{.ID}} {{.Names}} {{.Image}}'   (baseline, before the run)
  0. baseline sandboxes from image aria-conductor/qoder-sandbox:0.1:
       8c9ce274c7f4 sandbox-75d6ae36-951b-421f-927d-15dd23f1167c localhost/aria-conductor/qoder-sandbox:0.1
       272513a984f4 sandbox-c6eac3dc-dc9d-4fdd-ba7d-86def5ab46a5 localhost/aria-conductor/qoder-sandbox:0.1
       79971eec207d sandbox-447bd7f8-b458-48f9-bd52-6e7912b4cd30 localhost/aria-conductor/qoder-sandbox:0.1
  1. seed: POST /api/v1/agents {agentType:ADK, adkProvider:qoder, config:{taskApprovalRequired:false}}
  POST /api/v1/agents request: {"name":"c6b-s5-20260918-111506","agentType":"ADK","role":"dev","model":"efficient","adkProvider":"qoder","config":{"taskApprovalRequired":false}}
  POST /api/v1/agents -> HTTP 201
  response: {"id":"01eaaf71-cdbb-4baa-9d56-13ab832deceb","name":"c6b-s5-20260918-111506","description":null,"agentType":"ADK","role":"dev","model":"efficient","provider":null,"adkProvider":"qoder","config":"{\"harnessProfile\":\"weak-model-safe\",\"taskApprovalRequired\":false}","healthStatus":"HEALTHY","createdAt":"2026-09-18T11:15:09.895776900Z","updatedAt":null,"retiredAt":null,"pickupEligible":true,"pickupIneligibleReasons":[],"lastProbedAt":null,"skills":[],"tools":null}
     agent id: 01eaaf71-cdbb-4baa-9d56-13ab832deceb
  2. start run: POST /api/v1/runs {agentId:01eaaf71-cdbb-4baa-9d56-13ab832deceb, promptSeed:<write trigger>}
  POST /api/v1/runs request: {"agentId":"01eaaf71-cdbb-4baa-9d56-13ab832deceb","promptSeed":"Use the Write tool (not a shell command) to create the file /workspace/c6b-s5-20260918-111506.txt whose content is exactly: ready","maxIterations":3}
  POST /api/v1/runs -> HTTP 201
  response: {"id":"ec6c6abb-ed10-49d4-bcf5-8c819ed925a0","agentId":"01eaaf71-cdbb-4baa-9d56-13ab832deceb","status":"PENDING","promptSeed":"Use the Write tool (not a shell command) to create the file /workspace/c6b-s5-20260918-111506.txt whose content is exactly: ready","maxIterations":3,"totalTokensUsed":0,"iterationCount":0,"errorMessage":null,"finalOutput":null,"createdAt":"2026-09-18T11:15:10.342819Z","updatedAt":null,"completedAt":null}
     run id: ec6c6abb-ed10-49d4-bcf5-8c819ed925a0
  3. waiting (<=180s) for a PENDING ACP_PERMISSION ask of run ec6c6abb-ed10-49d4-bcf5-8c819ed925a0
  poll /approvals?status=PENDING (t+1s): no ACP ask for run ec6c6abb-ed10-49d4-bcf5-8c819ed925a0 yet
  poll /approvals?status=PENDING (t+6s): no ACP ask for run ec6c6abb-ed10-49d4-bcf5-8c819ed925a0 yet
  poll /approvals?status=PENDING (t+11s): no ACP ask for run ec6c6abb-ed10-49d4-bcf5-8c819ed925a0 yet
     pending ask id: 9331b4b5-358e-4781-832a-687f8bbf31b5
+ podman ps --filter ancestor=aria-conductor/qoder-sandbox:0.1 --format '{{.ID}} {{.Names}} {{.Image}}'   (now)
  4. new sandbox container for this run: 6ed7c446754d
  5. positive control OK — qodercli waiting inside the sandbox: pid=32 comm=qodercli qodercli --acp --plugin-dir /opt/qoder/plugin 
+ POST http://localhost:8097/api/v1/runs/ec6c6abb-ed10-49d4-bcf5-8c819ed925a0/cancel
  6. cancelling run ec6c6abb-ed10-49d4-bcf5-8c819ed925a0 (RunController.java:84-86 -> RunService.cancelRun -> CANCELLED)
     POST /runs/ec6c6abb-ed10-49d4-bcf5-8c819ed925a0/cancel -> HTTP 200 body={"id":"ec6c6abb-ed10-49d4-bcf5-8c819ed925a0","agentId":"01eaaf71-cdbb-4baa-9d56-13ab832deceb","status":"CANCELLED","promptSeed":"Use the Write tool (not a shell command) to create the file /workspace/c6b-s5-20260918-111506.txt whose content is exactly: ready","maxIterations":3,"totalTokensUsed":0,"i
  poll GET /runs/ec6c6abb-ed10-49d4-bcf5-8c819ed925a0 -> CANCELLED (t+0s)
  7. run terminal state: CANCELLED (errorMessage='')
  poll GET /approvals/9331b4b5-358e-4781-832a-687f8bbf31b5 -> EXPIRED delivery=CANCELLED (t+1s)
  8. ask terminal state: status=EXPIRED reason='run ended before decision' deliveryState=CANCELLED decidedAt=2026-09-18T11:15:32.158624Z
  9. graceful stop proven: no qodercli process in 6ed7c446754d after the cancel
  9. sandbox 6ed7c446754d still exists after the cancel — cancel did not kill the sandbox
  s5-summary: label=c6b-s5-20260918-111506 agent=01eaaf71-cdbb-4baa-9d56-13ab832deceb run=ec6c6abb-ed10-49d4-bcf5-8c819ed925a0 ask=9331b4b5-358e-4781-832a-687f8bbf31b5 sandbox=6ed7c446754d fallback_kill=no

EXIT=0
