# step: S5 (cancel during pending permission (sandbox survival))
# command: bash-owned: REST scenario — seed qoder run, wait for the pending ACP ask, POST /api/v1/runs/{id}/cancel, assert run CANCELLED + ask EXPIRED + sandbox survived with no qodercli process
# cwd: /d/project/aria-conductor
# git: 0a18d96
# started: 2026-09-18T07:49:13Z
# evidence: D:/project/aria-conductor/e2e/qoder/slice-c/live
# ---- output follows ----
+ podman ps --filter ancestor=aria-conductor/qoder-sandbox:0.1 --format '{{.ID}} {{.Names}} {{.Image}}'   (baseline, before the run)
  0. baseline sandboxes from image aria-conductor/qoder-sandbox:0.1:
       b9e642a7828e sandbox-ab7a4bb4-acfc-47b0-aa2a-828e7cd9c130 localhost/aria-conductor/qoder-sandbox:0.1
       c7b56b32112a sandbox-8fb4203f-a33d-4878-8aff-210111e33f13 localhost/aria-conductor/qoder-sandbox:0.1
       6de440886945 sandbox-56c402a7-c3f6-4692-85d9-5cb2b9f5e602 localhost/aria-conductor/qoder-sandbox:0.1
       bdb1304f0f6a sandbox-094d7803-2ff8-49de-bae8-ed8dceea8ea7 localhost/aria-conductor/qoder-sandbox:0.1
       1626597c1772 sandbox-aaa5a60f-4705-4ab2-a6c4-6a7519f122fd localhost/aria-conductor/qoder-sandbox:0.1
  1. seed: POST /api/v1/agents {agentType:ADK, adkProvider:qoder, config:{taskApprovalRequired:false}}
  POST /api/v1/agents request: {"name":"c6b-s5-20260918-074914","agentType":"ADK","role":"dev","model":"efficient","adkProvider":"qoder","config":{"taskApprovalRequired":false}}
  POST /api/v1/agents -> HTTP 201
  response: {"id":"c4547f21-4033-46d6-bccc-a10b4811af28","name":"c6b-s5-20260918-074914","description":null,"agentType":"ADK","role":"dev","model":"efficient","provider":null,"adkProvider":"qoder","config":"{\"harnessProfile\":\"weak-model-safe\",\"taskApprovalRequired\":false}","healthStatus":"HEALTHY","createdAt":"2026-09-18T07:49:17.552107400Z","updatedAt":null,"retiredAt":null,"pickupEligible":true,"pickupIneligibleReasons":[],"lastProbedAt":null,"skills":[],"tools":null}
     agent id: c4547f21-4033-46d6-bccc-a10b4811af28
  2. start run: POST /api/v1/runs {agentId:c4547f21-4033-46d6-bccc-a10b4811af28, promptSeed:<write trigger>}
  POST /api/v1/runs request: {"agentId":"c4547f21-4033-46d6-bccc-a10b4811af28","promptSeed":"Use the Write tool (not a shell command) to create the file /workspace/c6b-s5-20260918-074914.txt whose content is exactly: ready","maxIterations":3}
  POST /api/v1/runs -> HTTP 201
  response: {"id":"31779816-79ac-4389-b22f-fdc60cecc6f4","agentId":"c4547f21-4033-46d6-bccc-a10b4811af28","status":"PENDING","promptSeed":"Use the Write tool (not a shell command) to create the file /workspace/c6b-s5-20260918-074914.txt whose content is exactly: ready","maxIterations":3,"totalTokensUsed":0,"iterationCount":0,"errorMessage":null,"finalOutput":null,"createdAt":"2026-09-18T07:49:18.115471500Z","updatedAt":null,"completedAt":null}
     run id: 31779816-79ac-4389-b22f-fdc60cecc6f4
  3. waiting (<=180s) for a PENDING ACP_PERMISSION ask of run 31779816-79ac-4389-b22f-fdc60cecc6f4
  poll /approvals?status=PENDING (t+0s): no ACP ask for run 31779816-79ac-4389-b22f-fdc60cecc6f4 yet
  poll /approvals?status=PENDING (t+6s): no ACP ask for run 31779816-79ac-4389-b22f-fdc60cecc6f4 yet
  poll /approvals?status=PENDING (t+12s): no ACP ask for run 31779816-79ac-4389-b22f-fdc60cecc6f4 yet
  poll /approvals?status=PENDING (t+17s): no ACP ask for run 31779816-79ac-4389-b22f-fdc60cecc6f4 yet
     pending ask id: 6733a67a-51d5-4921-9f51-768885ad45a6
+ podman ps --filter ancestor=aria-conductor/qoder-sandbox:0.1 --format '{{.ID}} {{.Names}} {{.Image}}'   (now)
  4. new sandbox container for this run: e81bad70ffb7
  5. positive control OK — qodercli waiting inside the sandbox: pid=32 comm=qodercli qodercli --acp --plugin-dir /opt/qoder/plugin 
+ POST http://localhost:8097/api/v1/runs/31779816-79ac-4389-b22f-fdc60cecc6f4/cancel
  6. cancelling run 31779816-79ac-4389-b22f-fdc60cecc6f4 (RunController.java:84-86 -> RunService.cancelRun -> CANCELLED)
     POST /runs/31779816-79ac-4389-b22f-fdc60cecc6f4/cancel -> HTTP 200 body={"id":"31779816-79ac-4389-b22f-fdc60cecc6f4","agentId":"c4547f21-4033-46d6-bccc-a10b4811af28","status":"CANCELLED","promptSeed":"Use the Write tool (not a shell command) to create the file /workspace/c6b-s5-20260918-074914.txt whose content is exactly: ready","maxIterations":3,"totalTokensUsed":0,"i
  poll GET /runs/31779816-79ac-4389-b22f-fdc60cecc6f4 -> CANCELLED (t+0s)
  7. run terminal state: CANCELLED (errorMessage='')
  poll GET /approvals/6733a67a-51d5-4921-9f51-768885ad45a6 -> EXPIRED delivery=CANCELLED (t+1s)
  8. ask terminal state: status=EXPIRED reason='run ended before decision' deliveryState=CANCELLED decidedAt=2026-09-18T07:49:46.192716Z
  9. graceful stop proven: no qodercli process in e81bad70ffb7 after the cancel
  9. sandbox e81bad70ffb7 still exists after the cancel — cancel did not kill the sandbox
  s5-summary: label=c6b-s5-20260918-074914 agent=c4547f21-4033-46d6-bccc-a10b4811af28 run=31779816-79ac-4389-b22f-fdc60cecc6f4 ask=6733a67a-51d5-4921-9f51-768885ad45a6 sandbox=e81bad70ffb7 fallback_kill=no

EXIT=0
