# step: S5 (cancel during pending permission (sandbox survival))
# command: bash-owned: REST scenario — seed qoder run, wait for the pending ACP ask, POST /api/v1/runs/{id}/cancel, assert run CANCELLED + ask EXPIRED + sandbox survived with no qodercli process
# cwd: /d/project/aria-conductor
# git: 7c8016a
# started: 2026-09-18T22:02:05Z
# evidence: D:/project/aria-conductor/e2e/qoder/slice-c/live
# ---- output follows ----
+ podman ps --filter ancestor=aria-conductor/qoder-sandbox:0.1 --format '{{.ID}} {{.Names}} {{.Image}}'   (baseline, before the run)
  0. baseline sandboxes from image aria-conductor/qoder-sandbox:0.1:
       cabd5bf41c84 sandbox-6c8b5ecb-39dd-4b79-a360-f0b8d08c793c localhost/aria-conductor/qoder-sandbox:0.1
       f765aa3c14fe sandbox-b48470f5-c360-4bbe-8729-91ee7e312297 localhost/aria-conductor/qoder-sandbox:0.1
       37d4ae7a87d9 sandbox-a873b41f-c3be-4835-8347-79e58e4e83d4 localhost/aria-conductor/qoder-sandbox:0.1
  1. seed: POST /api/v1/agents {agentType:ADK, adkProvider:qoder, config:{taskApprovalRequired:false}}
  POST /api/v1/agents request: {"name":"c6b-s5-20260918-220205","agentType":"ADK","role":"dev","model":"efficient","adkProvider":"qoder","config":{"taskApprovalRequired":false}}
  POST /api/v1/agents -> HTTP 201
  response: {"id":"0dd1ff0c-e38f-41cb-95de-89a71c5540b4","name":"c6b-s5-20260918-220205","description":null,"agentType":"ADK","role":"dev","model":"efficient","provider":null,"adkProvider":"qoder","config":"{\"harnessProfile\":\"weak-model-safe\",\"taskApprovalRequired\":false}","healthStatus":"HEALTHY","createdAt":"2026-09-18T22:02:09.232335300Z","updatedAt":null,"retiredAt":null,"pickupEligible":true,"pickupIneligibleReasons":[],"lastProbedAt":null,"skills":[],"tools":null}
     agent id: 0dd1ff0c-e38f-41cb-95de-89a71c5540b4
  2. start run: POST /api/v1/runs {agentId:0dd1ff0c-e38f-41cb-95de-89a71c5540b4, promptSeed:<write trigger>}
  POST /api/v1/runs request: {"agentId":"0dd1ff0c-e38f-41cb-95de-89a71c5540b4","promptSeed":"Use the Write tool (not a shell command) to create the file /workspace/c6b-s5-20260918-220205.txt whose content is exactly: ready","maxIterations":3}
  POST /api/v1/runs -> HTTP 201
  response: {"id":"05bd1468-088e-4574-94ce-2e042819b2ff","agentId":"0dd1ff0c-e38f-41cb-95de-89a71c5540b4","status":"PENDING","promptSeed":"Use the Write tool (not a shell command) to create the file /workspace/c6b-s5-20260918-220205.txt whose content is exactly: ready","maxIterations":3,"totalTokensUsed":0,"iterationCount":0,"errorMessage":null,"finalOutput":null,"createdAt":"2026-09-18T22:02:09.707238500Z","updatedAt":null,"completedAt":null}
     run id: 05bd1468-088e-4574-94ce-2e042819b2ff
  3. waiting (<=180s) for a PENDING ACP_PERMISSION ask of run 05bd1468-088e-4574-94ce-2e042819b2ff
  poll /approvals?status=PENDING (t+0s): no ACP ask for run 05bd1468-088e-4574-94ce-2e042819b2ff yet
  poll /approvals?status=PENDING (t+6s): no ACP ask for run 05bd1468-088e-4574-94ce-2e042819b2ff yet
  poll /approvals?status=PENDING (t+11s): no ACP ask for run 05bd1468-088e-4574-94ce-2e042819b2ff yet
  poll /approvals?status=PENDING (t+17s): no ACP ask for run 05bd1468-088e-4574-94ce-2e042819b2ff yet
     pending ask id: adc1dfdc-015b-4665-811f-819bf2816671
+ podman ps --filter ancestor=aria-conductor/qoder-sandbox:0.1 --format '{{.ID}} {{.Names}} {{.Image}}'   (now)
  4. new sandbox container for this run: 3b6d1f736a4f
  5. positive control OK — qodercli waiting inside the sandbox: pid=32 comm=qodercli qodercli --acp --plugin-dir /opt/qoder/plugin 
+ POST http://localhost:8097/api/v1/runs/05bd1468-088e-4574-94ce-2e042819b2ff/cancel
  6. cancelling run 05bd1468-088e-4574-94ce-2e042819b2ff (RunController.java:84-86 -> RunService.cancelRun -> CANCELLED)
     POST /runs/05bd1468-088e-4574-94ce-2e042819b2ff/cancel -> HTTP 200 body={"id":"05bd1468-088e-4574-94ce-2e042819b2ff","agentId":"0dd1ff0c-e38f-41cb-95de-89a71c5540b4","status":"CANCELLED","promptSeed":"Use the Write tool (not a shell command) to create the file /workspace/c6b-s5-20260918-220205.txt whose content is exactly: ready","maxIterations":3,"totalTokensUsed":0,"i
  poll GET /runs/05bd1468-088e-4574-94ce-2e042819b2ff -> CANCELLED (t+0s)
  7. run terminal state: CANCELLED (errorMessage='')
  poll GET /approvals/adc1dfdc-015b-4665-811f-819bf2816671 -> EXPIRED delivery=CANCELLED (t+2s)
  8. ask terminal state: status=EXPIRED reason='run ended before decision' deliveryState=CANCELLED decidedAt=2026-09-18T22:02:36.862068Z
  9. graceful stop proven: no qodercli process in 3b6d1f736a4f after the cancel
  9. sandbox 3b6d1f736a4f still exists after the cancel — cancel did not kill the sandbox
  s5-summary: label=c6b-s5-20260918-220205 agent=0dd1ff0c-e38f-41cb-95de-89a71c5540b4 run=05bd1468-088e-4574-94ce-2e042819b2ff ask=adc1dfdc-015b-4665-811f-819bf2816671 sandbox=3b6d1f736a4f fallback_kill=no

EXIT=0
