# step: S5 (cancel during pending permission (sandbox survival))
# command: bash-owned: REST scenario — seed qoder run, wait for the pending ACP ask, POST /api/v1/runs/{id}/cancel, assert run CANCELLED + ask EXPIRED + sandbox survived with no qodercli process
# cwd: /d/project/aria-conductor
# git: 65f8bd9
# started: 2026-09-18T05:40:43Z
# evidence: D:/project/aria-conductor/e2e/qoder/slice-c/live
# ---- output follows ----
+ podman ps --filter ancestor=aria-conductor/qoder-sandbox:0.1 --format '{{.ID}} {{.Names}} {{.Image}}'   (baseline, before the run)
  0. baseline sandboxes from image aria-conductor/qoder-sandbox:0.1:
  1. seed: POST /api/v1/agents {agentType:ADK, adkProvider:qoder, config:{taskApprovalRequired:false}}
  POST /api/v1/agents request: {"name":"c6b-s5-20260918-054043","agentType":"ADK","role":"dev","model":"efficient","adkProvider":"qoder","config":{"taskApprovalRequired":false}}
  POST /api/v1/agents -> HTTP 201
  response: {"id":"4d74182d-2d7b-40d7-93b2-c79312bd1421","name":"c6b-s5-20260918-054043","description":null,"agentType":"ADK","role":"dev","model":"efficient","provider":null,"adkProvider":"qoder","config":"{\"harnessProfile\":\"weak-model-safe\",\"taskApprovalRequired\":false}","healthStatus":"HEALTHY","createdAt":"2026-09-18T05:40:47.578565300Z","updatedAt":null,"retiredAt":null,"pickupEligible":true,"pickupIneligibleReasons":[],"lastProbedAt":null,"skills":[],"tools":null}
     agent id: 4d74182d-2d7b-40d7-93b2-c79312bd1421
  2. start run: POST /api/v1/runs {agentId:4d74182d-2d7b-40d7-93b2-c79312bd1421, promptSeed:<write trigger>}
  POST /api/v1/runs request: {"agentId":"4d74182d-2d7b-40d7-93b2-c79312bd1421","promptSeed":"Use the Write tool (not a shell command) to create the file /workspace/c6b-s5-20260918-054043.txt whose content is exactly: ready","maxIterations":3}
  POST /api/v1/runs -> HTTP 201
  response: {"id":"7e7cb6cd-ae33-4f74-b1f6-f6417bf3b986","agentId":"4d74182d-2d7b-40d7-93b2-c79312bd1421","status":"PENDING","promptSeed":"Use the Write tool (not a shell command) to create the file /workspace/c6b-s5-20260918-054043.txt whose content is exactly: ready","maxIterations":3,"totalTokensUsed":0,"iterationCount":0,"errorMessage":null,"finalOutput":null,"createdAt":"2026-09-18T05:40:48.090803300Z","updatedAt":null,"completedAt":null}
     run id: 7e7cb6cd-ae33-4f74-b1f6-f6417bf3b986
  3. waiting (<=180s) for a PENDING ACP_PERMISSION ask of run 7e7cb6cd-ae33-4f74-b1f6-f6417bf3b986
  poll /approvals?status=PENDING (t+0s): no ACP ask for run 7e7cb6cd-ae33-4f74-b1f6-f6417bf3b986 yet
  poll /approvals?status=PENDING (t+6s): no ACP ask for run 7e7cb6cd-ae33-4f74-b1f6-f6417bf3b986 yet
  poll /approvals?status=PENDING (t+11s): no ACP ask for run 7e7cb6cd-ae33-4f74-b1f6-f6417bf3b986 yet
  poll /approvals?status=PENDING (t+17s): no ACP ask for run 7e7cb6cd-ae33-4f74-b1f6-f6417bf3b986 yet
  poll /approvals?status=PENDING (t+23s): no ACP ask for run 7e7cb6cd-ae33-4f74-b1f6-f6417bf3b986 yet
     pending ask id: db6cf920-9a4b-4994-83d9-d9b92b28d1ef
+ podman ps --filter ancestor=aria-conductor/qoder-sandbox:0.1 --format '{{.ID}} {{.Names}} {{.Image}}'   (now)
  4. new sandbox container for this run: 38ab9318ad49
  5. positive control OK — qodercli waiting inside the sandbox: pid=32 comm=qodercli qodercli --acp --plugin-dir /opt/qoder/plugin 
+ POST http://localhost:8097/api/v1/runs/7e7cb6cd-ae33-4f74-b1f6-f6417bf3b986/cancel
  6. cancelling run 7e7cb6cd-ae33-4f74-b1f6-f6417bf3b986 (RunController.java:84-86 -> RunService.cancelRun -> CANCELLED)
     POST /runs/7e7cb6cd-ae33-4f74-b1f6-f6417bf3b986/cancel -> HTTP 200 body={"id":"7e7cb6cd-ae33-4f74-b1f6-f6417bf3b986","agentId":"4d74182d-2d7b-40d7-93b2-c79312bd1421","status":"CANCELLED","promptSeed":"Use the Write tool (not a shell command) to create the file /workspace/c6b-s5-20260918-054043.txt whose content is exactly: ready","maxIterations":3,"totalTokensUsed":0,"i
  poll GET /runs/7e7cb6cd-ae33-4f74-b1f6-f6417bf3b986 -> CANCELLED (t+1s)
  7. run terminal state: CANCELLED (errorMessage='')
  poll GET /approvals/db6cf920-9a4b-4994-83d9-d9b92b28d1ef -> EXPIRED delivery=CANCELLED (t+1s)
  8. ask terminal state: status=EXPIRED reason='run ended before decision' deliveryState=CANCELLED decidedAt=2026-09-18T05:41:23.008482Z
  9. graceful stop proven: no qodercli process in 38ab9318ad49 after the cancel
  9. sandbox 38ab9318ad49 still exists after the cancel — cancel did not kill the sandbox
  s5-summary: label=c6b-s5-20260918-054043 agent=4d74182d-2d7b-40d7-93b2-c79312bd1421 run=7e7cb6cd-ae33-4f74-b1f6-f6417bf3b986 ask=db6cf920-9a4b-4994-83d9-d9b92b28d1ef sandbox=38ab9318ad49 fallback_kill=no

EXIT=0
