# step: S5 (cancel during pending permission (sandbox survival))
# command: bash-owned: REST scenario — seed qoder run, wait for the pending ACP ask, POST /api/v1/runs/{id}/cancel, assert run CANCELLED + ask EXPIRED + sandbox survived with no qodercli process
# cwd: /d/project/aria-conductor
# git: 06caaf0
# started: 2026-09-18T14:10:05Z
# evidence: D:/project/aria-conductor/e2e/qoder/slice-c/live
# ---- output follows ----
+ podman ps --filter ancestor=aria-conductor/qoder-sandbox:0.1 --format '{{.ID}} {{.Names}} {{.Image}}'   (baseline, before the run)
  0. baseline sandboxes from image aria-conductor/qoder-sandbox:0.1:
       e21c29580f21 sandbox-53e0df31-d23d-48fc-a89c-dd8af1bb0312 localhost/aria-conductor/qoder-sandbox:0.1
  1. seed: POST /api/v1/agents {agentType:ADK, adkProvider:qoder, config:{taskApprovalRequired:false}}
  POST /api/v1/agents request: {"name":"c6b-s5-20260918-141005","agentType":"ADK","role":"dev","model":"efficient","adkProvider":"qoder","config":{"taskApprovalRequired":false}}
  POST /api/v1/agents -> HTTP 201
  response: {"id":"61b3991c-6228-4c10-8294-f825e3585ee7","name":"c6b-s5-20260918-141005","description":null,"agentType":"ADK","role":"dev","model":"efficient","provider":null,"adkProvider":"qoder","config":"{\"harnessProfile\":\"weak-model-safe\",\"taskApprovalRequired\":false}","healthStatus":"HEALTHY","createdAt":"2026-09-18T14:10:07.943857Z","updatedAt":null,"retiredAt":null,"pickupEligible":true,"pickupIneligibleReasons":[],"lastProbedAt":null,"skills":[],"tools":null}
     agent id: 61b3991c-6228-4c10-8294-f825e3585ee7
  2. start run: POST /api/v1/runs {agentId:61b3991c-6228-4c10-8294-f825e3585ee7, promptSeed:<write trigger>}
  POST /api/v1/runs request: {"agentId":"61b3991c-6228-4c10-8294-f825e3585ee7","promptSeed":"Use the Write tool (not a shell command) to create the file /workspace/c6b-s5-20260918-141005.txt whose content is exactly: ready","maxIterations":3}
  POST /api/v1/runs -> HTTP 201
  response: {"id":"e593b93e-7731-4dd1-a1a5-9668d6a0f0af","agentId":"61b3991c-6228-4c10-8294-f825e3585ee7","status":"PENDING","promptSeed":"Use the Write tool (not a shell command) to create the file /workspace/c6b-s5-20260918-141005.txt whose content is exactly: ready","maxIterations":3,"totalTokensUsed":0,"iterationCount":0,"errorMessage":null,"finalOutput":null,"createdAt":"2026-09-18T14:10:08.367876600Z","updatedAt":null,"completedAt":null}
     run id: e593b93e-7731-4dd1-a1a5-9668d6a0f0af
  3. waiting (<=180s) for a PENDING ACP_PERMISSION ask of run e593b93e-7731-4dd1-a1a5-9668d6a0f0af
  poll /approvals?status=PENDING (t+1s): no ACP ask for run e593b93e-7731-4dd1-a1a5-9668d6a0f0af yet
  poll /approvals?status=PENDING (t+6s): no ACP ask for run e593b93e-7731-4dd1-a1a5-9668d6a0f0af yet
  poll /approvals?status=PENDING (t+11s): no ACP ask for run e593b93e-7731-4dd1-a1a5-9668d6a0f0af yet
  poll /approvals?status=PENDING (t+17s): no ACP ask for run e593b93e-7731-4dd1-a1a5-9668d6a0f0af yet
     pending ask id: 420125f3-6fbd-49f8-9890-3c77d3186a4f
+ podman ps --filter ancestor=aria-conductor/qoder-sandbox:0.1 --format '{{.ID}} {{.Names}} {{.Image}}'   (now)
  4. new sandbox container for this run: 450e029c4a13
  5. positive control OK — qodercli waiting inside the sandbox: pid=32 comm=qodercli qodercli --acp --plugin-dir /opt/qoder/plugin 
+ POST http://localhost:8097/api/v1/runs/e593b93e-7731-4dd1-a1a5-9668d6a0f0af/cancel
  6. cancelling run e593b93e-7731-4dd1-a1a5-9668d6a0f0af (RunController.java:84-86 -> RunService.cancelRun -> CANCELLED)
     POST /runs/e593b93e-7731-4dd1-a1a5-9668d6a0f0af/cancel -> HTTP 200 body={"id":"e593b93e-7731-4dd1-a1a5-9668d6a0f0af","agentId":"61b3991c-6228-4c10-8294-f825e3585ee7","status":"CANCELLED","promptSeed":"Use the Write tool (not a shell command) to create the file /workspace/c6b-s5-20260918-141005.txt whose content is exactly: ready","maxIterations":3,"totalTokensUsed":0,"i
  poll GET /runs/e593b93e-7731-4dd1-a1a5-9668d6a0f0af -> CANCELLED (t+0s)
  7. run terminal state: CANCELLED (errorMessage='')
  poll GET /approvals/420125f3-6fbd-49f8-9890-3c77d3186a4f -> EXPIRED delivery=CANCELLED (t+1s)
  8. ask terminal state: status=EXPIRED reason='run ended before decision' deliveryState=CANCELLED decidedAt=2026-09-18T14:10:34.954639Z
  9. graceful stop proven: no qodercli process in 450e029c4a13 after the cancel
  9. sandbox 450e029c4a13 still exists after the cancel — cancel did not kill the sandbox
  s5-summary: label=c6b-s5-20260918-141005 agent=61b3991c-6228-4c10-8294-f825e3585ee7 run=e593b93e-7731-4dd1-a1a5-9668d6a0f0af ask=420125f3-6fbd-49f8-9890-3c77d3186a4f sandbox=450e029c4a13 fallback_kill=no

EXIT=0
