# step: S6 (spec-owned scenario S6)
# command: npx playwright test e2e/qoder-*.spec.ts --grep "S6:"
# cwd: /d/project/aria-conductor/agent-control-tower/act-dashboard
# git: 65f8bd9
# started: 2026-09-18T05:41:36Z
# evidence: D:/project/aria-conductor/e2e/qoder/slice-c/live
# ---- output follows ----

Running 1 test using 1 worker

[qoder-e2e] live zero-credit model confirmed: qoder.model='efficient'
[S6] credential status: configured=true patMasked=****(last4 masked) model=efficient updatedAt=2026-09-18T05:41:44.318878Z
[S6] credential test: success=true model=efficient billable=false costNote="This probe runs no billable inference: it only verifies that a stored credential is configured, decrypts and is non-bla
  x  1 [chromium] › e2e\qoder-adk-e2e.spec.ts:430:1 › S6: credential set/mask/remove/test via API and the Providers page (2.4s)
[qoder-e2e] live zero-credit model confirmed: qoder.model='efficient'
[S6] credential status: configured=true patMasked=****(last4 masked) model=efficient updatedAt=2026-09-18T05:41:49.545604Z
[S6] credential test: success=true model=efficient billable=false costNote="This probe runs no billable inference: it only verifies that a stored credential is configured, decrypts and is non-bla
  x  2 [chromium] › e2e\qoder-adk-e2e.spec.ts:430:1 › S6: credential set/mask/remove/test via API and the Providers page (retry #1) (3.0s)


  1) [chromium] › e2e\qoder-adk-e2e.spec.ts:430:1 › S6: credential set/mask/remove/test via API and the Providers page 

    Error: expect(locator).toBeVisible() failed

    Locator: getByTestId('qoder-credential-card').getByText('Configured')
    Expected: visible
    Error: strict mode violation: getByTestId('qoder-credential-card').getByText('Configured') resolved to 2 elements:
        1) <span class="status-badge status-badge-md">Configured</span> aka getByText('Configured', { exact: true })
        2) <p>A configured PAT alone is not sufficient: the san…</p> aka getByText('A configured PAT alone is not')

    Call log:
      - Expect "toBeVisible" with timeout 30000ms
      - waiting for getByTestId('qoder-credential-card').getByText('Configured')


      477 |   const cardEl = page.getByTestId('qoder-credential-card');
      478 |   await expect(cardEl).toBeVisible({ timeout: 30_000 });
    > 479 |   await expect(cardEl.getByText('Configured')).toBeVisible({ timeout: 30_000 });
          |                                                ^
      480 |   const maskedCell = cardEl.locator('.cell-mono');
      481 |   await expect(maskedCell).toHaveText(`****${last4}`);
      482 |   const domText = (await page.locator('body').innerText()).replace(/\s+/g, ' ');
        at D:\project\aria-conductor\agent-control-tower\act-dashboard\e2e\qoder-adk-e2e.spec.ts:479:48

    attachment #1: screenshot (image/png) ──────────────────────────────────────────────────────────
    test-results\qoder-adk-e2e-S6-credentia-62c88--API-and-the-Providers-page-chromium\test-failed-1.png
    ────────────────────────────────────────────────────────────────────────────────────────────────

    Error Context: test-results\qoder-adk-e2e-S6-credentia-62c88--API-and-the-Providers-page-chromium\error-context.md

    attachment #3: trace (application/zip) ─────────────────────────────────────────────────────────
    test-results\qoder-adk-e2e-S6-credentia-62c88--API-and-the-Providers-page-chromium\trace.zip
    Usage:

        npx playwright show-trace test-results\qoder-adk-e2e-S6-credentia-62c88--API-and-the-Providers-page-chromium\trace.zip

    ────────────────────────────────────────────────────────────────────────────────────────────────

    Retry #1 ───────────────────────────────────────────────────────────────────────────────────────

    Error: expect(locator).toBeVisible() failed

    Locator: getByTestId('qoder-credential-card').getByText('Configured')
    Expected: visible
    Error: strict mode violation: getByTestId('qoder-credential-card').getByText('Configured') resolved to 2 elements:
        1) <span class="status-badge status-badge-md">Configured</span> aka getByText('Configured', { exact: true })
        2) <p>A configured PAT alone is not sufficient: the san…</p> aka getByText('A configured PAT alone is not')

    Call log:
      - Expect "toBeVisible" with timeout 30000ms
      - waiting for getByTestId('qoder-credential-card').getByText('Configured')


      477 |   const cardEl = page.getByTestId('qoder-credential-card');
      478 |   await expect(cardEl).toBeVisible({ timeout: 30_000 });
    > 479 |   await expect(cardEl.getByText('Configured')).toBeVisible({ timeout: 30_000 });
          |                                                ^
      480 |   const maskedCell = cardEl.locator('.cell-mono');
      481 |   await expect(maskedCell).toHaveText(`****${last4}`);
      482 |   const domText = (await page.locator('body').innerText()).replace(/\s+/g, ' ');
        at D:\project\aria-conductor\agent-control-tower\act-dashboard\e2e\qoder-adk-e2e.spec.ts:479:48

    attachment #1: screenshot (image/png) ──────────────────────────────────────────────────────────
    test-results\qoder-adk-e2e-S6-credentia-62c88--API-and-the-Providers-page-chromium-retry1\test-failed-1.png
    ────────────────────────────────────────────────────────────────────────────────────────────────

    Error Context: test-results\qoder-adk-e2e-S6-credentia-62c88--API-and-the-Providers-page-chromium-retry1\error-context.md

    attachment #3: trace (application/zip) ─────────────────────────────────────────────────────────
    test-results\qoder-adk-e2e-S6-credentia-62c88--API-and-the-Providers-page-chromium-retry1\trace.zip
    Usage:

        npx playwright show-trace test-results\qoder-adk-e2e-S6-credentia-62c88--API-and-the-Providers-page-chromium-retry1\trace.zip

    ────────────────────────────────────────────────────────────────────────────────────────────────

  1 failed
    [chromium] › e2e\qoder-adk-e2e.spec.ts:430:1 › S6: credential set/mask/remove/test via API and the Providers page 

EXIT=1
