# smoke run — restored stack after the S10 restart failure — 2026-09-18T12:13:07Z
# API_URL=http://localhost:8097 model=efficient git=6c70d1a
== 1. seed agent + run (real qoder, zero-credit model) ==
   agent=f5929d20-6a54-47a9-abbf-363a813d8da9 run=8797601a-8c82-4c05-b7b4-d8400a1f3d2b
== 2. wait (<=180s) for a PENDING ACP_PERMISSION ask of the run ==
   pending ask=763080dc-bca8-47b4-9392-b1521d3445b1 after 25s
   status=PENDING requestedAt=2026-09-18T12:13:32.225709Z expiresAt=2026-09-18T12:15:32.225709Z
== 3. poll until EXPIRED (<=300s) — proves the restarted backend's short TTL ==
   t+0s status=PENDING
   t+6s status=PENDING
   t+11s status=PENDING
   t+16s status=PENDING
   t+22s status=PENDING
   t+27s status=PENDING
   t+32s status=PENDING
   t+38s status=PENDING
   t+43s status=PENDING
   t+48s status=PENDING
   t+54s status=PENDING
   t+59s status=PENDING
   t+64s status=PENDING
   t+70s status=PENDING
   t+75s status=PENDING
   t+80s status=PENDING
   t+86s status=PENDING
   t+91s status=PENDING
   t+96s status=PENDING
   t+101s status=PENDING
   t+107s status=PENDING
   t+112s status=PENDING
   t+117s status=PENDING
   t+123s status=PENDING
   t+128s status=PENDING
   t+133s status=PENDING
   t+139s status=EXPIRED
   ask EXPIRED after ~139s (TTL + sweep)
== 4. run outcome (<=180s, recorded not asserted as success) ==
   run status=COMPLETED finalOutput=The write was denied. Let me know if you'd like to try a different path or approach.
SMOKE PASS: sandbox path works and the ask expired inside the short TTL
