# smoke run — restored stack after the S10 restart failure — 2026-09-18T11:05:21Z
# API_URL=http://localhost:8097 model=efficient git=a4ed69a
== 1. seed agent + run (real qoder, zero-credit model) ==
   agent=a925cd23-2797-49b0-8b59-16cac6f6a10d run=f61be2ac-9da3-4a10-b0c5-66f3a46c02ab
== 2. wait (<=180s) for a PENDING ACP_PERMISSION ask of the run ==
   pending ask=34acf4f0-667f-401e-b077-8b4511f6e7a0 after 21s
   status=PENDING requestedAt=2026-09-18T11:05:41.874717Z expiresAt=2026-09-18T11:07:41.874717Z
== 3. poll until EXPIRED (<=300s) — proves the restarted backend's short TTL ==
   t+0s status=PENDING
   t+6s status=PENDING
   t+11s status=PENDING
   t+16s status=PENDING
   t+22s status=PENDING
   t+27s status=PENDING
   t+32s status=PENDING
   t+38s status=PENDING
   t+43s status=PENDING
   t+48s status=PENDING
   t+53s status=PENDING
   t+59s status=PENDING
   t+64s status=PENDING
   t+69s status=PENDING
   t+75s status=PENDING
   t+80s status=PENDING
   t+85s status=PENDING
   t+91s status=PENDING
   t+96s status=PENDING
   t+101s status=PENDING
   t+107s status=PENDING
   t+112s status=PENDING
   t+117s status=PENDING
   t+123s status=EXPIRED
   ask EXPIRED after ~123s (TTL + sweep)
== 4. run outcome (<=180s, recorded not asserted as success) ==
   run status=COMPLETED finalOutput=It looks like the file write was denied. Let me know if you'd like to adjust the permissions or take a different approach.
SMOKE PASS: sandbox path works and the ask expired inside the short TTL
